Running ExUnit with seed: 168195, max_cases: 24

